2026-09-05 09:16:51,250 - INFO - 🔒 Loaded 238 executed tokens from persistent SQLite database.
2026-09-05 09:16:52,000 - INFO - ✅ Polymarket CLOB V2 Client Initialized (Gnosis Safe Funder: 0x53d5ba04d1ddaa7c9eb14d6e4b3896b15acbd88c)
2026-09-05 09:16:52,001 - INFO - ==================================================
2026-09-05 09:16:52,001 - INFO -  🚀 POLYMARKET DUAL-SIGNAL PREDICTOR DAEMON ONLINE
2026-09-05 09:16:52,002 - INFO - ==================================================
2026-09-05 09:16:52,003 - INFO - • Position Limit: $2.50 USDC per market
2026-09-05 09:16:52,053 - INFO - • Sentiment + Probability Skew Engines: ACTIVE
2026-09-05 09:16:52,065 - INFO - • Sub-200ms SQLite Duplicate Protection: Active
2026-09-05 09:16:52,066 - INFO - ==================================================
2026-09-05 09:16:54,274 - INFO - 🔍 Polymarket Live Scan: Fetched 50 active events
2026-09-05 09:17:55,807 - INFO - 🔍 Polymarket Live Scan: Fetched 50 active events
2026-09-05 09:18:57,062 - INFO - 🔍 Polymarket Live Scan: Fetched 50 active events
2026-09-05 09:19:58,484 - INFO - 🔍 Polymarket Live Scan: Fetched 50 active events
2026-09-05 09:21:01,394 - INFO - 🔍 Polymarket Live Scan: Fetched 50 active events
2026-09-05 09:22:03,706 - INFO - 🔍 Polymarket Live Scan: Fetched 50 active events
2026-09-05 09:23:04,982 - INFO - 🔍 Polymarket Live Scan: Fetched 50 active events
2026-09-05 09:24:08,613 - INFO - 🔍 Polymarket Live Scan: Fetched 50 active events
2026-09-05 09:25:10,331 - INFO - 🔍 Polymarket Live Scan: Fetched 50 active events
2026-09-05 09:26:14,135 - INFO - 🔍 Polymarket Live Scan: Fetched 50 active events
2026-09-05 09:27:16,212 - INFO - 🔍 Polymarket Live Scan: Fetched 50 active events
2026-09-05 09:28:18,917 - INFO - 🔍 Polymarket Live Scan: Fetched 50 active events
2026-09-05 09:29:22,642 - INFO - 🔍 Polymarket Live Scan: Fetched 50 active events
2026-09-05 09:30:30,067 - INFO - 🔍 Polymarket Live Scan: Fetched 50 active events
2026-09-05 09:31:31,986 - INFO - 🔍 Polymarket Live Scan: Fetched 50 active events
2026-09-05 09:32:34,254 - INFO - 🔍 Polymarket Live Scan: Fetched 50 active events
2026-09-05 09:33:35,564 - INFO - 🔍 Polymarket Live Scan: Fetched 50 active events
2026-09-05 09:35:09,250 - ERROR - Failed to fetch Polymarket events: HTTPSConnectionPool(host='gamma-api.polymarket.com', port=443): Max retries exceeded with url: /events?closed=false&limit=50 (Caused by SSLError(SSLEOFError(8, 'EOF occurred in violation of protocol (_ssl.c:997)')))
2026-09-05 09:35:09,673 - INFO - 🔍 Polymarket Live Scan: Fetched 0 active events
2026-09-05 09:36:17,540 - INFO - 🔍 Polymarket Live Scan: Fetched 50 active events
2026-09-05 09:37:18,918 - INFO - 🔍 Polymarket Live Scan: Fetched 50 active events
